sat
(model 
  (define-fun v () Bool
    true)
)
true
