(* (- 1.0) (atan x))
(* (- 1.0) (atan 2.0))
(* (/ 1.0 4.0) pi)
0.0
(* (- (/ 1.0 4.0)) pi)
(atan (/ 1.0 2.0))
(atan (* 2.0 x))
