(root-obj (+ (* 2 (^ x 2)) (- 1)) 2)
(root-obj (+ (* 2 (^ x 2)) (- 1)) 1)
(root-obj (+ (* 2 (^ x 2)) (- 1)) 1)
(root-obj (+ (* 2 (^ x 2)) (- 1)) 2)
....
(/ 1.0 2.0)
(- (/ 1.0 2.0))
(- (/ 1.0 2.0))
(/ 1.0 2.0)
....
(root-obj (+ (* 16 (^ x 4)) (* (- 16) (^ x 2)) 1) 4)
(root-obj (+ (* 16 (^ x 4)) (* (- 16) (^ x 2)) 1) 1)
(root-obj (+ (* 16 (^ x 4)) (* (- 16) (^ x 2)) 1) 1)
(root-obj (+ (* 16 (^ x 4)) (* (- 16) (^ x 2)) 1) 4)
....
(root-obj (+ (* 16 (^ x 4)) (* (- 16) (^ x 2)) 1) 3)
(root-obj (+ (* 16 (^ x 4)) (* (- 16) (^ x 2)) 1) 2)
(root-obj (+ (* 16 (^ x 4)) (* (- 16) (^ x 2)) 1) 2)
(root-obj (+ (* 16 (^ x 4)) (* (- 16) (^ x 2)) 1) 3)
ucosg decimals
0.7071067811?
(- 0.7071067811?)
(- 0.7071067811?)
0.7071067811?
....
0.5
(- 0.5)
(- 0.5)
0.5
....
0.9659258262?
(- 0.9659258262?)
(- 0.9659258262?)
0.9659258262?
....
0.2588190451?
(- 0.2588190451?)
(- 0.2588190451?)
0.2588190451?
