sat
((x (_ +zero 11 53)))
((y (_ -zero 11 53)))
sat
((x (_ -zero 11 53)))
((y (_ +zero 11 53)))
