sat
((r (fp #b1 #b01111 #b0000000000)))
sat
((r (fp #b1 #b01111 #b0000000000)))
sat
((r (fp #b1 #b01111 #b0000000000)))
sat
((r (fp #b1 #b01111 #b0000000000)))
