(fp #b0 #b01111111111 #x0000000000000)
(fp #b0 #x7f #b00000000000000000000000)
(fp #b0 #b01111111111 #x0000000000000)
