sat
(objectives
 (x 3)
 (y 2)
)
((x 3))
((y 2))
((z 4))
