(goals
(goal
  (forall ((x.0 Bool) (x.1 Bool) (x.2 Bool) (x.3 Bool))
    (forall ((y.0 Bool) (y.1 Bool) (y.2 Bool) (y.3 Bool))
      (let ((a!1 (= (not x.2) (= y.2 (or (not x.3) (not y.3)))))
            (a!2 (not (or (not x.2) (or (not x.3) (not y.3)))))
            (a!3 (not (or (not y.2) (or (not x.3) (not y.3))))))
      (let ((a!4 (or (not (or (not x.2) (not y.2))) a!2 a!3)))
      (let ((a!5 (or (not (or (not y.1) (not x.1)))
                     (not (or (not x.1) (not a!4)))
                     (not (or (not y.1) (not a!4))))))
      (let ((a!6 (or (= (not x.3) y.3)
                     a!1
                     (= (not x.1) (= (not y.1) a!4))
                     (= (not x.0) (= (not y.0) a!5)))))
        (not a!6)))))))
  :precision precise :depth 1)
)
