WARNING: unknown attribute :
WARNING: unknown attribute :
WARNING: unknown attribute :
WARNING: unknown attribute :
WARNING: unknown attribute :
WARNING: unknown attribute :
WARNING: unknown attribute :
WARNING: unknown attribute :
WARNING: unknown attribute :
WARNING: unknown attribute :
WARNING: unknown attribute :
WARNING: unknown attribute :
WARNING: unknown attribute :
WARNING: unknown attribute :
WARNING: unknown attribute :
WARNING: unknown attribute :
WARNING: unknown attribute :
WARNING: unknown attribute :
WARNING: unknown attribute :
sat
