sat
(model 
  (define-fun p ((x!0 Int)) Bool
    true)
)
