lra
lira
---------------
nra
nira
---------------
nira
---------------
lia
lira
---------------
nira
---------------
nira
---------------
nira
---------------
lia
lira
---------------
lra
lira
