(goals
(goal
  false
  :precision precise :depth 7)
)
