true
true
true
true
true
true
true
true
true
algebra
true
true
true
true
true
true
true
true
true
true
true
true
true
true
true
true
true
true
true
true
(let ((a!1 (re.++ (re.++ r (re.* r)) (re.* (re.++ r (re.* r))))))
  (= (re.++ r (re.* r)) a!1))
true
(= (re.* r) (re.* (re.++ r (re.* r))))
true
true
true
true
true
true
true
true
true
complement
true
true
true
true
true
true
true
true
(= a "abc")
(str.in.re a (re.union (str.to.re "ab") (str.to.re "abc")))
sat
sat
(model 
  (define-fun a () String
    "ab")
  (define-fun r2 () (RegEx String)
    (str.to.re ""))
  (define-fun b () String
    "")
  (define-fun r1 () (RegEx String)
    (str.to.re ""))
  (define-fun r () (RegEx String)
    (str.to.re ""))
)
sat
(model 
  (define-fun a () String
    "abab")
  (define-fun r2 () (RegEx String)
    (str.to.re ""))
  (define-fun b () String
    "")
  (define-fun r1 () (RegEx String)
    (str.to.re ""))
  (define-fun r () (RegEx String)
    (str.to.re ""))
)
sat
(model 
  (define-fun a () String
    "ababab")
  (define-fun r2 () (RegEx String)
    (str.to.re ""))
  (define-fun b () String
    "")
  (define-fun r1 () (RegEx String)
    (str.to.re ""))
  (define-fun r () (RegEx String)
    (str.to.re ""))
)
unsat
unsat
sat
sat
(model 
  (define-fun a () String
    "abab")
  (define-fun r2 () (RegEx String)
    (str.to.re ""))
  (define-fun b () String
    "")
  (define-fun r1 () (RegEx String)
    (str.to.re ""))
  (define-fun r () (RegEx String)
    (str.to.re ""))
)
sat
(model 
  (define-fun a () String
    "ababab")
  (define-fun r2 () (RegEx String)
    (str.to.re ""))
  (define-fun b () String
    "")
  (define-fun r1 () (RegEx String)
    (str.to.re ""))
  (define-fun r () (RegEx String)
    (str.to.re ""))
)
unsat
