(sin (+ x y))
(sin (+ x y))
(sin (+ x y))
(sin (+ x y))
(sin (+ x y (* pi (to_real a))))
(sin (+ x y))
(sin (+ x y))
