(root-obj (+ (* 2 (^ x 2)) (- 1)) 2)
(root-obj (+ (* 2 (^ x 2)) (- 1)) 2)
(root-obj (+ (* 2 (^ x 2)) (- 1)) 1)
(root-obj (+ (* 2 (^ x 2)) (- 1)) 1)
....
(root-obj (+ (* 4 (^ x 2)) (- 3)) 2)
(root-obj (+ (* 4 (^ x 2)) (- 3)) 2)
(root-obj (+ (* 4 (^ x 2)) (- 3)) 1)
(root-obj (+ (* 4 (^ x 2)) (- 3)) 1)
....
(root-obj (+ (* 16 (^ x 4)) (* (- 16) (^ x 2)) 1) 3)
(root-obj (+ (* 16 (^ x 4)) (* (- 16) (^ x 2)) 1) 3)
(root-obj (+ (* 16 (^ x 4)) (* (- 16) (^ x 2)) 1) 2)
(root-obj (+ (* 16 (^ x 4)) (* (- 16) (^ x 2)) 1) 2)
....
(root-obj (+ (* 16 (^ x 4)) (* (- 16) (^ x 2)) 1) 4)
(root-obj (+ (* 16 (^ x 4)) (* (- 16) (^ x 2)) 1) 4)
(root-obj (+ (* 16 (^ x 4)) (* (- 16) (^ x 2)) 1) 1)
(root-obj (+ (* 16 (^ x 4)) (* (- 16) (^ x 2)) 1) 1)
using decimals
0.7071067811?
0.7071067811?
(- 0.7071067811?)
(- 0.7071067811?)
....
0.8660254037?
0.8660254037?
(- 0.8660254037?)
(- 0.8660254037?)
....
0.2588190451?
0.2588190451?
(- 0.2588190451?)
(- 0.2588190451?)
....
0.9659258262?
0.9659258262?
(- 0.9659258262?)
(- 0.9659258262?)
