sat
(model 
  (define-fun a () String
    "a")
  (define-fun b () String
    "")
  (define-fun c () String
    "")
  (define-fun d () String
    "")
  (define-fun e () String
    "")
)
sat
(model 
  (define-fun a () String
    "ab")
  (define-fun b () String
    "")
  (define-fun c () String
    "")
  (define-fun d () String
    "")
  (define-fun e () String
    "")
)
sat
sat
sat
unsat
sat
unsat
unsat
unsat
sat
unsat
sat
(model 
  (define-fun b () String
    "cd")
  (define-fun a () String
    "ab")
  (define-fun c () String
    "")
  (define-fun d () String
    "")
  (define-fun e () String
    "")
)
sat
(model 
  (define-fun b () String
    "cd")
  (define-fun a () String
    "ab")
  (define-fun c () String
    "")
  (define-fun d () String
    "")
  (define-fun e () String
    "")
)
sat
(model 
  (define-fun b () String
    "ab")
  (define-fun a () String
    "cd")
  (define-fun c () String
    "")
  (define-fun d () String
    "")
  (define-fun e () String
    "")
)
sat
(model 
  (define-fun b () String
    "cd")
  (define-fun a () String
    "ab")
  (define-fun c () String
    "ef")
  (define-fun d () String
    "")
  (define-fun e () String
    "")
)
sat
(model 
  (define-fun b () String
    "")
  (define-fun a () String
    "")
  (define-fun c () String
    "")
  (define-fun d () String
    "")
  (define-fun e () String
    "")
)
sat
sat
sat
sat
sat
sat
sat
unsat
sat
sat
sat
sat
sat
sat
sat
sat
sat
sat
sat
sat
sat
unsat
sat
sat
sat
sat
sat
unsat
unsat
sat
sat
unsat
unsat
sat
sat
unsat
unsat
sat
sat
sat
sat
(model 
  (define-fun a () String
    "bababab")
  (define-fun b () String
    "")
  (define-fun c () String
    "")
  (define-fun d () String
    "")
  (define-fun e () String
    "")
)
unsat
sat
sat
sat
