sat
((s "\x80"))
sat
sat
sat
((s "\x80"))
sat
sat
