(- 1)
(- 1)
2
(- 1)
""
"1"
"0"
(- 1)
(ite (>= x 0) x (- 1))
unsat
