3
(- (- 8 4) 1)
(- (- (- a b) 10) a)
(- (- 8.0 4.0) 1.0)
