(error "line 5 column 19: invalid datatype declaration, unknown sort 'mylist'")
