(error "line 3 column 1: invalid command, '(' expected")
