(/ 1.0 3.0)
3.0
9.0
(/ 4.0 3.0)
(/ 16.0 9.0)
(/ 3.0 4.0)
(/ 9.0 16.0)
9
(^ 0 0)
1
(^ x 0)
1.0
(^ 0 x)
(^ 0.0 y)
x
y
(^ 0.0 0.0)
18446744073709551616
(^ 2 65)
36893488147419103232
(^ 2 (- 3))
(/ 1.0 8.0)
