4.2426406871?
(* 4.2426406871? x x)
(* 4.2426406871? x x y)
(* 3.0 x)
2.4494897427?
2.0
5.4772255750?
5.4772255750?
3.0499865007?
(* 1.4142135623? (^ 3.0 0.3333333333?) (^ 5.0 0.25))
(* 2.0396489026? 1.4953487812?)
(* 2.0396489026? 1.4953487812? x x y)
(* 3.0499865007? x x y)
(* 6.0999730014? x x y)
(* 4.5749797510? x x y)
(- 4.2426406871?)
(* (- 4.2426406871?) x x)
(* (- 4.2426406871?) x x y)
