0.7071067811?
2.1213203435?
0.4714045207?
true
0.8164965809?
(/ 1.4142135623? 0.0)
1.4142135623?
