3.96811878506866698993?
3.96811878506866698993?
true
(- 0.50401716993091240288?)
(- 0.50401716993091240288?)
true
(- 1.09637631717731280407?)
(- 1.09637631717731280407?)
true
7.47674390610610270955?
