0.0
1.7320508075?
0.5773502691?
(- 0.5773502691?)
1.0
(- 1.0)
(- 1.7320508075?)
0.2679491924?
3.7320508075?
(- 0.2679491924?)
