(/ (sin (+ x y)) (cos (+ x y)))
(/ (sin x) (cos x))
(/ (cos x) (* (- 1.0) (sin x)))
(/ (* (- 1.0) (cos x)) (sin x))
(/ x (* (- 1.0) y))
(/ (* 2.0 x) (* 3.0 y))
(= (/ (cos x) (* (- 1.0) (sin x))) (/ (* (- 1.0) (cos x)) (sin x)))
(= (/ (cos x) (* (- 1.0) (sin x))) (/ (* (- 1.0) (cos x)) (sin x)))
