#x0a
#x04
#xf9
#x15
#x01
#x01
#x01
#x38
#x1e
#xfe
